29.06.24 00:03 Sql error: (null)
29.06.24 00:10 [DATABASE] Failed to prepare statement: no such column: admin
29.06.24 00:10 [DATABASE] Failed to prepare statement: no such column: jau
29.06.24 00:11 [DATABASE] Failed to prepare statement: no such column: admin
29.06.24 00:11 [DATABASE] Failed to prepare statement: no such column: admin
29.06.24 00:13 [DATABASE] Failed to prepare statement: no such column: jau
29.06.24 00:13 [DATABASE] Failed to prepare statement: no such column: admin
29.06.24 00:13 [DATABASE] Failed to prepare statement: no such column: admin
29.06.24 00:14 [DATABASE] Failed to prepare statement: no such column: jau
29.06.24 00:14 [DATABASE] Failed to prepare statement: no such column: admin
29.06.24 00:14 [DATABASE] Failed to prepare statement: no such column: hm
29.06.24 00:15 [DATABASE] Failed to prepare statement: no such column: jau
29.06.24 00:15 [DATABASE] Failed to prepare statement: no such column: admin
29.06.24 00:15 [DATABASE] Failed to prepare statement: no such column: jau
29.06.24 00:15 [DATABASE] Failed to prepare statement: no such column: admin
29.06.24 00:15 [DATABASE] Failed to prepare statement: no such column: admin
29.06.24 00:15 [DATABASE] Failed to prepare statement: no such column: admin
29.06.24 00:16 [DATABASE] Failed to prepare statement: no such column: admin
29.06.24 00:16 [DATABASE] Failed to prepare statement: no such column: what
29.06.24 00:16 Sql error: (null)
29.06.24 00:17 Sql error: (null)
29.06.24 00:17 [DATABASE] Failed to prepare statement: no such column: jau
29.06.24 00:17 [DATABASE] Failed to prepare statement: no such column: admin
29.06.24 00:18 [DATABASE] Failed to prepare statement: no such column: jau
29.06.24 00:18 [DATABASE] Failed to prepare statement: no such column: admin
29.06.24 01:17 Sql error: (null)
29.06.24 01:19 Sql error: (null)
